I'm sorry, but errors were detected in your script. Please correct the
errors listed below, and try again.


File "game/script.rpy", line 84: invalid syntax
    farse = True :
                  ^
    

Ren'Py Version: Ren'Py 7.3.5.606
Tue Mar 31 00:12:22 2020
